nohup: ignoring input

Loading checkpoint shards:   0%|          | 0/4 [00:00<?, ?it/s]
Loading checkpoint shards: 100%|██████████| 4/4 [00:00<00:00, 76.75it/s]

=== PCD Layer Sweep: model=qwen3vl_8b  condition=V-text ===
  output_dir : results/ara_opd_vlm_0427/cross_modal_geometry_diag/qwen3vl/V-text/sweep
  data_dir   : /inspire/hdd/global_user/wenming-253108090054/zhujiaqi/geometry-of-refusal/data/saladbench_splits
  Train: 1184 harmful / 1184 harmless
  Val  : 128 harmful / 3132 harmless (select_direction uses first 128/128)
[1/3] Loading model...
  Layers     : 36
  hidden_size: 4096
  EOI toks   : [151645, 198, 151644, 77091, 198]
  Overriding tokenize_instructions_fn with image_mode='text'
[2/3] Loading cached mean_diffs from results/ara_opd_vlm_0427/cross_modal_geometry_diag/qwen3vl/V-text/sweep/mean_diffs.pt ...
  mean_diffs shape: torch.Size([5, 36, 4096])
[3/3] Selecting best (pos, layer) via select_direction on val set ...
  [select_direction] Resuming from checkpoint: phase=3 pos_done=None
  WARNING: select_direction filter assertion: All scores have been filtered out!
  Falling back: loading direction_evaluations.json for best unfiltered score.
  Fallback selected: pos=-3, layer=12
  Selected: pos=-3, layer=12, filter_passed=False
  Saved best_layer.json: {'layer': 12, 'pos': -3, 'filter_passed': False, 'condition': 'V-text'}
=== Layer Sweep Complete ===

          | 0/37 [00:00<?, ?it/s]
  5%|▌         | 2/37 [00:00<00:02, 16.24it/s]
 11%|█         | 4/37 [00:00<00:01, 17.03it/s]
 16%|█▌        | 6/37 [00:00<00:01, 17.27it/s]
 22%|██▏       | 8/37 [00:00<00:01, 17.58it/s]
 27%|██▋       | 10/37 [00:00<00:01, 17.78it/s]
 32%|███▏      | 12/37 [00:00<00:01, 17.23it/s]
 38%|███▊      | 14/37 [00:00<00:01, 17.51it/s]
 43%|████▎     | 16/37 [00:00<00:01, 17.25it/s]
 49%|████▊     | 18/37 [00:01<00:01, 17.68it/s]
 54%|█████▍    | 20/37 [00:01<00:00, 17.68it/s]
 59%|█████▉    | 22/37 [00:01<00:00, 16.70it/s]
 65%|██████▍   | 24/37 [00:01<00:00, 17.32it/s]
 70%|███████   | 26/37 [00:01<00:00, 17.60it/s]
 76%|███████▌  | 28/37 [00:01<00:00, 17.67it/s]
 81%|████████  | 30/37 [00:01<00:00, 17.79it/s]
 86%|████████▋ | 32/37 [00:01<00:00, 17.60it/s]
 92%|█████████▏| 34/37 [00:01<00:00, 17.46it/s]
 97%|█████████▋| 36/37 [00:02<00:00, 15.28it/s]
100%|██████████| 37/37 [00:02<00:00, 17.03it/s]

Computing KL for source position -5:   0%|          | 0/36 [00:00<?, ?it/s]
Computing KL for source position -5:   3%|▎         | 1/36 [00:00<00:27,  1.29it/s]
Computing KL for source position -5:   6%|▌         | 2/36 [00:01<00:25,  1.33it/s]
Computing KL for source position -5:   8%|▊         | 3/36 [00:02<00:24,  1.34it/s]
Computing KL for source position -5:  11%|█         | 4/36 [00:02<00:23,  1.34it/s]
Computing KL for source position -5:  14%|█▍        | 5/36 [00:03<00:22,  1.35it/s]
Computing KL for source position -5:  17%|█▋        | 6/36 [00:04<00:22,  1.35it/s]
Computing KL for source position -5:  19%|█▉        | 7/36 [00:05<00:21,  1.35it/s]
Computing KL for source position -5:  22%|██▏       | 8/36 [00:05<00:20,  1.35it/s]
Computing KL for source position -5:  25%|██▌       | 9/36 [00:06<00:20,  1.35it/s]
Computing KL for source position -5:  28%|██▊       | 10/36 [00:07<00:19,  1.35it/s]
Computing KL for source position -5:  31%|███       | 11/36 [00:08<00:18,  1.35it/s]
Computing KL for source position -5:  33%|███▎      | 12/36 [00:08<00:17,  1.35it/s]
Computing KL for source position -5:  36%|███▌      | 13/36 [00:09<00:16,  1.36it/s]
Computing KL for source position -5:  39%|███▉      | 14/36 [00:10<00:16,  1.36it/s]
Computing KL for source position -5:  42%|████▏     | 15/36 [00:11<00:15,  1.36it/s]
Computing KL for source position -5:  44%|████▍     | 16/36 [00:11<00:14,  1.36it/s]
Computing KL for source position -5:  47%|████▋     | 17/36 [00:12<00:14,  1.36it/s]
Computing KL for source position -5:  50%|█████     | 18/36 [00:13<00:13,  1.36it/s]
Computing KL for source position -5:  53%|█████▎    | 19/36 [00:14<00:13,  1.30it/s]
Computing KL for source position -5:  56%|█████▌    | 20/36 [00:14<00:12,  1.32it/s]
Computing KL for source position -5:  58%|█████▊    | 21/36 [00:15<00:11,  1.34it/s]
Computing KL for source position -5:  61%|██████    | 22/36 [00:16<00:10,  1.34it/s]
Computing KL for source position -5:  64%|██████▍   | 23/36 [00:17<00:09,  1.35it/s]
Computing KL for source position -5:  67%|██████▋   | 24/36 [00:17<00:08,  1.36it/s]
Computing KL for source position -5:  69%|██████▉   | 25/36 [00:18<00:08,  1.36it/s]
Computing KL for source position -5:  72%|███████▏  | 26/36 [00:19<00:07,  1.36it/s]
Computing KL for source position -5:  75%|███████▌  | 27/36 [00:20<00:06,  1.36it/s]
Computing KL for source position -5:  78%|███████▊  | 28/36 [00:20<00:05,  1.36it/s]
Computing KL for source position -5:  81%|████████  | 29/36 [00:21<00:05,  1.37it/s]
Computing KL for source position -5:  83%|████████▎ | 30/36 [00:22<00:04,  1.37it/s]
Computing KL for source position -5:  86%|████████▌ | 31/36 [00:22<00:03,  1.37it/s]
Computing KL for source position -5:  89%|████████▉ | 32/36 [00:23<00:02,  1.37it/s]
Computing KL for source position -5:  92%|█████████▏| 33/36 [00:24<00:02,  1.37it/s]
Computing KL for source position -5:  94%|█████████▍| 34/36 [00:25<00:01,  1.37it/s]
Computing KL for source position -5:  97%|█████████▋| 35/36 [00:25<00:00,  1.37it/s]
Computing KL for source position -5: 100%|██████████| 36/36 [00:26<00:00,  1.36it/s]
Computing KL for source position -5: 100%|██████████| 36/36 [00:26<00:00,  1.35it/s]

Computing KL for source position -4:   0%|          | 0/36 [00:00<?, ?it/s]
Computing KL for source position -4:   3%|▎         | 1/36 [00:00<00:25,  1.36it/s]
Computing KL for source position -4:   6%|▌         | 2/36 [00:01<00:24,  1.36it/s]
Computing KL for source position -4:   8%|▊         | 3/36 [00:02<00:24,  1.37it/s]
Computing KL for source position -4:  11%|█         | 4/36 [00:02<00:23,  1.37it/s]
Computing KL for source position -4:  14%|█▍        | 5/36 [00:03<00:22,  1.37it/s]
Computing KL for source position -4:  17%|█▋        | 6/36 [00:04<00:22,  1.36it/s]
Computing KL for source position -4:  19%|█▉        | 7/36 [00:05<00:21,  1.36it/s]
Computing KL for source position -4:  22%|██▏       | 8/36 [00:05<00:20,  1.36it/s]
Computing KL for source position -4:  25%|██▌       | 9/36 [00:06<00:19,  1.36it/s]
Computing KL for source position -4:  28%|██▊       | 10/36 [00:07<00:19,  1.36it/s]
Computing KL for source position -4:  31%|███       | 11/36 [00:08<00:18,  1.36it/s]
Computing KL for source position -4:  33%|███▎      | 12/36 [00:08<00:17,  1.36it/s]
Computing KL for source position -4:  36%|███▌      | 13/36 [00:09<00:16,  1.36it/s]
Computing KL for source position -4:  39%|███▉      | 14/36 [00:10<00:16,  1.36it/s]
Computing KL for source position -4:  42%|████▏     | 15/36 [00:11<00:15,  1.36it/s]
Computing KL for source position -4:  44%|████▍     | 16/36 [00:11<00:14,  1.36it/s]
Computing KL for source position -4:  47%|████▋     | 17/36 [00:12<00:13,  1.36it/s]
Computing KL for source position -4:  50%|█████     | 18/36 [00:13<00:13,  1.36it/s]
Computing KL for source position -4:  53%|█████▎    | 19/36 [00:13<00:12,  1.36it/s]
Computing KL for source position -4:  56%|█████▌    | 20/36 [00:14<00:12,  1.29it/s]
Computing KL for source position -4:  58%|█████▊    | 21/36 [00:15<00:11,  1.30it/s]
Computing KL for source position -4:  61%|██████    | 22/36 [00:16<00:10,  1.32it/s]
Computing KL for source position -4:  64%|██████▍   | 23/36 [00:17<00:09,  1.33it/s]
Computing KL for source position -4:  67%|██████▋   | 24/36 [00:17<00:08,  1.34it/s]
Computing KL for source position -4:  69%|██████▉   | 25/36 [00:18<00:08,  1.34it/s]
Computing KL for source position -4:  72%|███████▏  | 26/36 [00:19<00:07,  1.35it/s]
Computing KL for source position -4:  75%|███████▌  | 27/36 [00:20<00:06,  1.35it/s]
Computing KL for source position -4:  78%|███████▊  | 28/36 [00:20<00:05,  1.35it/s]
Computing KL for source position -4:  81%|████████  | 29/36 [00:21<00:05,  1.35it/s]
Computing KL for source position -4:  83%|████████▎ | 30/36 [00:22<00:04,  1.36it/s]
Computing KL for source position -4:  86%|████████▌ | 31/36 [00:22<00:03,  1.35it/s]
Computing KL for source position -4:  89%|████████▉ | 32/36 [00:23<00:02,  1.35it/s]
Computing KL for source position -4:  92%|█████████▏| 33/36 [00:24<00:02,  1.35it/s]
Computing KL for source position -4:  94%|█████████▍| 34/36 [00:25<00:01,  1.36it/s]
Computing KL for source position -4:  97%|█████████▋| 35/36 [00:25<00:00,  1.35it/s]
Computing KL for source position -4: 100%|██████████| 36/36 [00:26<00:00,  1.35it/s]
Computing KL for source position -4: 100%|██████████| 36/36 [00:26<00:00,  1.35it/s]

Computing KL for source position -3:   0%|          | 0/36 [00:00<?, ?it/s]
Computing KL for source position -3:   3%|▎         | 1/36 [00:00<00:25,  1.36it/s]
Computing KL for source position -3:   6%|▌         | 2/36 [00:01<00:24,  1.36it/s]
Computing KL for source position -3:   8%|▊         | 3/36 [00:02<00:24,  1.36it/s]
Computing KL for source position -3:  11%|█         | 4/36 [00:02<00:23,  1.36it/s]
Computing KL for source position -3:  14%|█▍        | 5/36 [00:03<00:22,  1.36it/s]
Computing KL for source position -3:  17%|█▋        | 6/36 [00:04<00:22,  1.36it/s]
Computing KL for source position -3:  19%|█▉        | 7/36 [00:05<00:21,  1.36it/s]
Computing KL for source position -3:  22%|██▏       | 8/36 [00:05<00:20,  1.36it/s]
Computing KL for source position -3:  25%|██▌       | 9/36 [00:06<00:19,  1.36it/s]
Computing KL for source position -3:  28%|██▊       | 10/36 [00:07<00:19,  1.36it/s]
Computing KL for source position -3:  31%|███       | 11/36 [00:08<00:18,  1.36it/s]
Computing KL for source position -3:  33%|███▎      | 12/36 [00:08<00:17,  1.36it/s]
Computing KL for source position -3:  36%|███▌      | 13/36 [00:09<00:16,  1.36it/s]
Computing KL for source position -3:  39%|███▉      | 14/36 [00:10<00:16,  1.36it/s]
Computing KL for source position -3:  42%|████▏     | 15/36 [00:11<00:15,  1.36it/s]
Computing KL for source position -3:  44%|████▍     | 16/36 [00:11<00:14,  1.36it/s]
Computing KL for source position -3:  47%|████▋     | 17/36 [00:12<00:13,  1.36it/s]
Computing KL for source position -3:  50%|█████     | 18/36 [00:13<00:13,  1.36it/s]
Computing KL for source position -3:  53%|█████▎    | 19/36 [00:13<00:12,  1.36it/s]
Computing KL for source position -3:  56%|█████▌    | 20/36 [00:14<00:11,  1.36it/s]
Computing KL for source position -3:  58%|█████▊    | 21/36 [00:15<00:11,  1.36it/s]
Computing KL for source position -3:  61%|██████    | 22/36 [00:16<00:10,  1.36it/s]
Computing KL for source position -3:  64%|██████▍   | 23/36 [00:16<00:09,  1.36it/s]
Computing KL for source position -3:  67%|██████▋   | 24/36 [00:17<00:08,  1.36it/s]
Computing KL for source position -3:  69%|██████▉   | 25/36 [00:18<00:08,  1.36it/s]
Computing KL for source position -3:  72%|███████▏  | 26/36 [00:19<00:07,  1.36it/s]
Computing KL for source position -3:  75%|███████▌  | 27/36 [00:19<00:06,  1.36it/s]
Computing KL for source position -3:  78%|███████▊  | 28/36 [00:20<00:05,  1.37it/s]
Computing KL for source position -3:  81%|████████  | 29/36 [00:21<00:05,  1.37it/s]
Computing KL for source position -3:  83%|████████▎ | 30/36 [00:22<00:04,  1.37it/s]
Computing KL for source position -3:  86%|████████▌ | 31/36 [00:22<00:03,  1.37it/s]
Computing KL for source position -3:  89%|████████▉ | 32/36 [00:23<00:02,  1.36it/s]
Computing KL for source position -3:  92%|█████████▏| 33/36 [00:24<00:02,  1.36it/s]
Computing KL for source position -3:  94%|█████████▍| 34/36 [00:24<00:01,  1.36it/s]
Computing KL for source position -3:  97%|█████████▋| 35/36 [00:25<00:00,  1.36it/s]
Computing KL for source position -3: 100%|██████████| 36/36 [00:26<00:00,  1.36it/s]
Computing KL for source position -3: 100%|██████████| 36/36 [00:26<00:00,  1.36it/s]

Computing KL for source position -2:   0%|          | 0/36 [00:00<?, ?it/s]
Computing KL for source position -2:   3%|▎         | 1/36 [00:00<00:25,  1.35it/s]
Computing KL for source position -2:   6%|▌         | 2/36 [00:01<00:25,  1.35it/s]
Computing KL for source position -2:   8%|▊         | 3/36 [00:02<00:24,  1.35it/s]
Computing KL for source position -2:  11%|█         | 4/36 [00:02<00:23,  1.35it/s]
Computing KL for source position -2:  14%|█▍        | 5/36 [00:03<00:22,  1.35it/s]
Computing KL for source position -2:  17%|█▋        | 6/36 [00:04<00:22,  1.36it/s]
Computing KL for source position -2:  19%|█▉        | 7/36 [00:05<00:21,  1.36it/s]
Computing KL for source position -2:  22%|██▏       | 8/36 [00:05<00:20,  1.36it/s]
Computing KL for source position -2:  25%|██▌       | 9/36 [00:06<00:21,  1.28it/s]
Computing KL for source position -2:  28%|██▊       | 10/36 [00:07<00:19,  1.30it/s]
Computing KL for source position -2:  31%|███       | 11/36 [00:08<00:18,  1.32it/s]
Computing KL for source position -2:  33%|███▎      | 12/36 [00:08<00:18,  1.33it/s]
Computing KL for source position -2:  36%|███▌      | 13/36 [00:09<00:17,  1.34it/s]
Computing KL for source position -2:  39%|███▉      | 14/36 [00:10<00:16,  1.34it/s]
Computing KL for source position -2:  42%|████▏     | 15/36 [00:11<00:15,  1.34it/s]
Computing KL for source position -2:  44%|████▍     | 16/36 [00:11<00:14,  1.35it/s]
Computing KL for source position -2:  47%|████▋     | 17/36 [00:12<00:14,  1.35it/s]
Computing KL for source position -2:  50%|█████     | 18/36 [00:13<00:13,  1.36it/s]
Computing KL for source position -2:  53%|█████▎    | 19/36 [00:14<00:12,  1.36it/s]
Computing KL for source position -2:  56%|█████▌    | 20/36 [00:14<00:11,  1.36it/s]
Computing KL for source position -2:  58%|█████▊    | 21/36 [00:15<00:11,  1.35it/s]
Computing KL for source position -2:  61%|██████    | 22/36 [00:16<00:10,  1.36it/s]
Computing KL for source position -2:  64%|██████▍   | 23/36 [00:17<00:09,  1.36it/s]
Computing KL for source position -2:  67%|██████▋   | 24/36 [00:17<00:08,  1.36it/s]
Computing KL for source position -2:  69%|██████▉   | 25/36 [00:18<00:08,  1.36it/s]
Computing KL for source position -2:  72%|███████▏  | 26/36 [00:19<00:07,  1.36it/s]
Computing KL for source position -2:  75%|███████▌  | 27/36 [00:20<00:06,  1.36it/s]
Computing KL for source position -2:  78%|███████▊  | 28/36 [00:20<00:05,  1.36it/s]
Computing KL for source position -2:  81%|████████  | 29/36 [00:21<00:05,  1.36it/s]
Computing KL for source position -2:  83%|████████▎ | 30/36 [00:22<00:04,  1.36it/s]
Computing KL for source position -2:  86%|████████▌ | 31/36 [00:22<00:03,  1.36it/s]
Computing KL for source position -2:  89%|████████▉ | 32/36 [00:23<00:02,  1.36it/s]
Computing KL for source position -2:  92%|█████████▏| 33/36 [00:24<00:02,  1.36it/s]
Computing KL for source position -2:  94%|█████████▍| 34/36 [00:25<00:01,  1.36it/s]
Computing KL for source position -2:  97%|█████████▋| 35/36 [00:25<00:00,  1.36it/s]
Computing KL for source position -2: 100%|██████████| 36/36 [00:26<00:00,  1.36it/s]
Computing KL for source position -2: 100%|██████████| 36/36 [00:26<00:00,  1.35it/s]

Computing KL for source position -1:   0%|          | 0/36 [00:00<?, ?it/s]
Computing KL for source position -1:   3%|▎         | 1/36 [00:00<00:25,  1.37it/s]
Computing KL for source position -1:   6%|▌         | 2/36 [00:01<00:24,  1.37it/s]
Computing KL for source position -1:   8%|▊         | 3/36 [00:02<00:24,  1.37it/s]
Computing KL for source position -1:  11%|█         | 4/36 [00:02<00:23,  1.37it/s]
Computing KL for source position -1:  14%|█▍        | 5/36 [00:03<00:22,  1.37it/s]
Computing KL for source position -1:  17%|█▋        | 6/36 [00:04<00:21,  1.37it/s]
Computing KL for source position -1:  19%|█▉        | 7/36 [00:05<00:21,  1.37it/s]
Computing KL for source position -1:  22%|██▏       | 8/36 [00:05<00:20,  1.37it/s]
Computing KL for source position -1:  25%|██▌       | 9/36 [00:06<00:19,  1.37it/s]
Computing KL for source position -1:  28%|██▊       | 10/36 [00:07<00:19,  1.37it/s]
Computing KL for source position -1:  31%|███       | 11/36 [00:08<00:18,  1.37it/s]
Computing KL for source position -1:  33%|███▎      | 12/36 [00:08<00:17,  1.36it/s]
Computing KL for source position -1:  36%|███▌      | 13/36 [00:09<00:16,  1.36it/s]
Computing KL for source position -1:  39%|███▉      | 14/36 [00:10<00:16,  1.36it/s]
Computing KL for source position -1:  42%|████▏     | 15/36 [00:10<00:15,  1.36it/s]
Computing KL for source position -1:  44%|████▍     | 16/36 [00:11<00:14,  1.37it/s]
Computing KL for source position -1:  47%|████▋     | 17/36 [00:12<00:13,  1.37it/s]
Computing KL for source position -1:  50%|█████     | 18/36 [00:13<00:13,  1.37it/s]
Computing KL for source position -1:  53%|█████▎    | 19/36 [00:13<00:12,  1.37it/s]
Computing KL for source position -1:  56%|█████▌    | 20/36 [00:14<00:11,  1.37it/s]
Computing KL for source position -1:  58%|█████▊    | 21/36 [00:15<00:10,  1.36it/s]
Computing KL for source position -1:  61%|██████    | 22/36 [00:16<00:10,  1.36it/s]
Computing KL for source position -1:  64%|██████▍   | 23/36 [00:16<00:09,  1.36it/s]
Computing KL for source position -1:  67%|██████▋   | 24/36 [00:17<00:08,  1.36it/s]
Computing KL for source position -1:  69%|██████▉   | 25/36 [00:18<00:08,  1.36it/s]
Computing KL for source position -1:  72%|███████▏  | 26/36 [00:19<00:07,  1.36it/s]
Computing KL for source position -1:  75%|███████▌  | 27/36 [00:19<00:06,  1.36it/s]
Computing KL for source position -1:  78%|███████▊  | 28/36 [00:20<00:05,  1.36it/s]
Computing KL for source position -1:  81%|████████  | 29/36 [00:21<00:05,  1.36it/s]
Computing KL for source position -1:  83%|████████▎ | 30/36 [00:21<00:04,  1.36it/s]
Computing KL for source position -1:  86%|████████▌ | 31/36 [00:22<00:03,  1.36it/s]
Computing KL for source position -1:  89%|████████▉ | 32/36 [00:23<00:02,  1.36it/s]
Computing KL for source position -1:  92%|█████████▏| 33/36 [00:24<00:02,  1.36it/s]
Computing KL for source position -1:  94%|█████████▍| 34/36 [00:24<00:01,  1.36it/s]
Computing KL for source position -1:  97%|█████████▋| 35/36 [00:25<00:00,  1.29it/s]
Computing KL for source position -1: 100%|██████████| 36/36 [00:26<00:00,  1.31it/s]
Computing KL for source position -1: 100%|██████████| 36/36 [00:26<00:00,  1.36it/s]

Computing refusal ablation for source position -5:   0%|          | 0/36 [00:00<?, ?it/s]
Computing refusal ablation for source position -5:   3%|▎         | 1/36 [00:00<00:26,  1.30it/s]
Computing refusal ablation for source position -5:   6%|▌         | 2/36 [00:01<00:26,  1.30it/s]
Computing refusal ablation for source position -5:   8%|▊         | 3/36 [00:02<00:25,  1.32it/s]
Computing refusal ablation for source position -5:  11%|█         | 4/36 [00:03<00:24,  1.32it/s]
Computing refusal ablation for source position -5:  14%|█▍        | 5/36 [00:03<00:23,  1.32it/s]
Computing refusal ablation for source position -5:  17%|█▋        | 6/36 [00:04<00:22,  1.32it/s]
Computing refusal ablation for source position -5:  19%|█▉        | 7/36 [00:05<00:21,  1.33it/s]
Computing refusal ablation for source position -5:  22%|██▏       | 8/36 [00:06<00:21,  1.33it/s]
Computing refusal ablation for source position -5:  25%|██▌       | 9/36 [00:06<00:20,  1.32it/s]
Computing refusal ablation for source position -5:  28%|██▊       | 10/36 [00:07<00:19,  1.33it/s]
Computing refusal ablation for source position -5:  31%|███       | 11/36 [00:08<00:18,  1.33it/s]
Computing refusal ablation for source position -5:  33%|███▎      | 12/36 [00:09<00:18,  1.33it/s]
Computing refusal ablation for source position -5:  36%|███▌      | 13/36 [00:09<00:17,  1.33it/s]
Computing refusal ablation for source position -5:  39%|███▉      | 14/36 [00:10<00:16,  1.33it/s]
Computing refusal ablation for source position -5:  42%|████▏     | 15/36 [00:11<00:15,  1.33it/s]
Computing refusal ablation for source position -5:  44%|████▍     | 16/36 [00:12<00:15,  1.33it/s]
Computing refusal ablation for source position -5:  47%|████▋     | 17/36 [00:12<00:14,  1.33it/s]
Computing refusal ablation for source position -5:  50%|█████     | 18/36 [00:13<00:13,  1.33it/s]
Computing refusal ablation for source position -5:  53%|█████▎    | 19/36 [00:14<00:12,  1.33it/s]
Computing refusal ablation for source position -5:  56%|█████▌    | 20/36 [00:15<00:12,  1.33it/s]
Computing refusal ablation for source position -5:  58%|█████▊    | 21/36 [00:15<00:11,  1.33it/s]
Computing refusal ablation for source position -5:  61%|██████    | 22/36 [00:16<00:10,  1.33it/s]
Computing refusal ablation for source position -5:  64%|██████▍   | 23/36 [00:17<00:09,  1.32it/s]
Computing refusal ablation for source position -5:  67%|██████▋   | 24/36 [00:18<00:09,  1.32it/s]
Computing refusal ablation for source position -5:  69%|██████▉   | 25/36 [00:18<00:08,  1.33it/s]
Computing refusal ablation for source position -5:  72%|███████▏  | 26/36 [00:19<00:07,  1.33it/s]
Computing refusal ablation for source position -5:  75%|███████▌  | 27/36 [00:20<00:06,  1.33it/s]
Computing refusal ablation for source position -5:  78%|███████▊  | 28/36 [00:21<00:06,  1.33it/s]
Computing refusal ablation for source position -5:  81%|████████  | 29/36 [00:21<00:05,  1.33it/s]
Computing refusal ablation for source position -5:  83%|████████▎ | 30/36 [00:22<00:04,  1.33it/s]
Computing refusal ablation for source position -5:  86%|████████▌ | 31/36 [00:23<00:03,  1.34it/s]
Computing refusal ablation for source position -5:  89%|████████▉ | 32/36 [00:24<00:03,  1.33it/s]
Computing refusal ablation for source position -5:  92%|█████████▏| 33/36 [00:24<00:02,  1.33it/s]
Computing refusal ablation for source position -5:  94%|█████████▍| 34/36 [00:25<00:01,  1.33it/s]
Computing refusal ablation for source position -5:  97%|█████████▋| 35/36 [00:26<00:00,  1.33it/s]
Computing refusal ablation for source position -5: 100%|██████████| 36/36 [00:27<00:00,  1.33it/s]
Computing refusal ablation for source position -5: 100%|██████████| 36/36 [00:27<00:00,  1.33it/s]

Computing refusal ablation for source position -4:   0%|          | 0/36 [00:00<?, ?it/s]
Computing refusal ablation for source position -4:   3%|▎         | 1/36 [00:00<00:26,  1.32it/s]
Computing refusal ablation for source position -4:   6%|▌         | 2/36 [00:01<00:25,  1.33it/s]
Computing refusal ablation for source position -4:   8%|▊         | 3/36 [00:02<00:24,  1.33it/s]
Computing refusal ablation for source position -4:  11%|█         | 4/36 [00:03<00:24,  1.33it/s]
Computing refusal ablation for source position -4:  14%|█▍        | 5/36 [00:03<00:23,  1.33it/s]
Computing refusal ablation for source position -4:  17%|█▋        | 6/36 [00:04<00:22,  1.33it/s]
Computing refusal ablation for source position -4:  19%|█▉        | 7/36 [00:05<00:21,  1.33it/s]
Computing refusal ablation for source position -4:  22%|██▏       | 8/36 [00:06<00:21,  1.33it/s]
Computing refusal ablation for source position -4:  25%|██▌       | 9/36 [00:06<00:20,  1.33it/s]
Computing refusal ablation for source position -4:  28%|██▊       | 10/36 [00:07<00:19,  1.33it/s]
Computing refusal ablation for source position -4:  31%|███       | 11/36 [00:08<00:18,  1.33it/s]
Computing refusal ablation for source position -4:  33%|███▎      | 12/36 [00:09<00:18,  1.33it/s]
Computing refusal ablation for source position -4:  36%|███▌      | 13/36 [00:09<00:17,  1.33it/s]
Computing refusal ablation for source position -4:  39%|███▉      | 14/36 [00:10<00:16,  1.33it/s]
Computing refusal ablation for source position -4:  42%|████▏     | 15/36 [00:11<00:15,  1.33it/s]
Computing refusal ablation for source position -4:  44%|████▍     | 16/36 [00:12<00:15,  1.33it/s]
Computing refusal ablation for source position -4:  47%|████▋     | 17/36 [00:12<00:14,  1.33it/s]
Computing refusal ablation for source position -4:  50%|█████     | 18/36 [00:13<00:13,  1.33it/s]
Computing refusal ablation for source position -4:  53%|█████▎    | 19/36 [00:14<00:12,  1.33it/s]
Computing refusal ablation for source position -4:  56%|█████▌    | 20/36 [00:15<00:12,  1.33it/s]
Computing refusal ablation for source position -4:  58%|█████▊    | 21/36 [00:15<00:11,  1.33it/s]
Computing refusal ablation for source position -4:  61%|██████    | 22/36 [00:16<00:10,  1.33it/s]
Computing refusal ablation for source position -4:  64%|██████▍   | 23/36 [00:17<00:09,  1.33it/s]
Computing refusal ablation for source position -4:  67%|██████▋   | 24/36 [00:18<00:09,  1.26it/s]
Computing refusal ablation for source position -4:  69%|██████▉   | 25/36 [00:18<00:08,  1.28it/s]
Computing refusal ablation for source position -4:  72%|███████▏  | 26/36 [00:19<00:07,  1.30it/s]
Computing refusal ablation for source position -4:  75%|███████▌  | 27/36 [00:20<00:06,  1.31it/s]
Computing refusal ablation for source position -4:  78%|███████▊  | 28/36 [00:21<00:06,  1.31it/s]
Computing refusal ablation for source position -4:  81%|████████  | 29/36 [00:21<00:05,  1.32it/s]
Computing refusal ablation for source position -4:  83%|████████▎ | 30/36 [00:22<00:04,  1.32it/s]
Computing refusal ablation for source position -4:  86%|████████▌ | 31/36 [00:23<00:03,  1.32it/s]
Computing refusal ablation for source position -4:  89%|████████▉ | 32/36 [00:24<00:03,  1.33it/s]
Computing refusal ablation for source position -4:  92%|█████████▏| 33/36 [00:24<00:02,  1.33it/s]
Computing refusal ablation for source position -4:  94%|█████████▍| 34/36 [00:25<00:01,  1.33it/s]
Computing refusal ablation for source position -4:  97%|█████████▋| 35/36 [00:26<00:00,  1.33it/s]
Computing refusal ablation for source position -4: 100%|██████████| 36/36 [00:27<00:00,  1.33it/s]
Computing refusal ablation for source position -4: 100%|██████████| 36/36 [00:27<00:00,  1.32it/s]

Computing refusal ablation for source position -3:   0%|          | 0/36 [00:00<?, ?it/s]
Computing refusal ablation for source position -3:   3%|▎         | 1/36 [00:00<00:26,  1.32it/s]
Computing refusal ablation for source position -3:   6%|▌         | 2/36 [00:01<00:25,  1.33it/s]
Computing refusal ablation for source position -3:   8%|▊         | 3/36 [00:02<00:24,  1.34it/s]
Computing refusal ablation for source position -3:  11%|█         | 4/36 [00:02<00:23,  1.34it/s]
Computing refusal ablation for source position -3:  14%|█▍        | 5/36 [00:03<00:23,  1.34it/s]
Computing refusal ablation for source position -3:  17%|█▋        | 6/36 [00:04<00:22,  1.34it/s]
Computing refusal ablation for source position -3:  19%|█▉        | 7/36 [00:05<00:21,  1.34it/s]
Computing refusal ablation for source position -3:  22%|██▏       | 8/36 [00:05<00:20,  1.34it/s]
Computing refusal ablation for source position -3:  25%|██▌       | 9/36 [00:06<00:20,  1.34it/s]
Computing refusal ablation for source position -3:  28%|██▊       | 10/36 [00:07<00:19,  1.33it/s]
Computing refusal ablation for source position -3:  31%|███       | 11/36 [00:08<00:18,  1.33it/s]
Computing refusal ablation for source position -3:  33%|███▎      | 12/36 [00:09<00:18,  1.31it/s]
Computing refusal ablation for source position -3:  36%|███▌      | 13/36 [00:09<00:17,  1.31it/s]
Computing refusal ablation for source position -3:  39%|███▉      | 14/36 [00:10<00:16,  1.32it/s]
Computing refusal ablation for source position -3:  42%|████▏     | 15/36 [00:11<00:15,  1.31it/s]
Computing refusal ablation for source position -3:  44%|████▍     | 16/36 [00:12<00:15,  1.32it/s]
Computing refusal ablation for source position -3:  47%|████▋     | 17/36 [00:12<00:14,  1.32it/s]
Computing refusal ablation for source position -3:  50%|█████     | 18/36 [00:13<00:13,  1.32it/s]
Computing refusal ablation for source position -3:  53%|█████▎    | 19/36 [00:14<00:12,  1.32it/s]
Computing refusal ablation for source position -3:  56%|█████▌    | 20/36 [00:15<00:12,  1.32it/s]
Computing refusal ablation for source position -3:  58%|█████▊    | 21/36 [00:15<00:11,  1.33it/s]
Computing refusal ablation for source position -3:  61%|██████    | 22/36 [00:16<00:10,  1.32it/s]
Computing refusal ablation for source position -3:  64%|██████▍   | 23/36 [00:17<00:09,  1.32it/s]
Computing refusal ablation for source position -3:  67%|██████▋   | 24/36 [00:18<00:09,  1.32it/s]
Computing refusal ablation for source position -3:  69%|██████▉   | 25/36 [00:18<00:08,  1.32it/s]
Computing refusal ablation for source position -3:  72%|███████▏  | 26/36 [00:19<00:07,  1.32it/s]
Computing refusal ablation for source position -3:  75%|███████▌  | 27/36 [00:20<00:06,  1.32it/s]
Computing refusal ablation for source position -3:  78%|███████▊  | 28/36 [00:21<00:06,  1.32it/s]
Computing refusal ablation for source position -3:  81%|████████  | 29/36 [00:21<00:05,  1.32it/s]
Computing refusal ablation for source position -3:  83%|████████▎ | 30/36 [00:22<00:04,  1.32it/s]
Computing refusal ablation for source position -3:  86%|████████▌ | 31/36 [00:23<00:03,  1.32it/s]
Computing refusal ablation for source position -3:  89%|████████▉ | 32/36 [00:24<00:03,  1.32it/s]
Computing refusal ablation for source position -3:  92%|█████████▏| 33/36 [00:24<00:02,  1.32it/s]
Computing refusal ablation for source position -3:  94%|█████████▍| 34/36 [00:25<00:01,  1.33it/s]
Computing refusal ablation for source position -3:  97%|█████████▋| 35/36 [00:26<00:00,  1.32it/s]
Computing refusal ablation for source position -3: 100%|██████████| 36/36 [00:27<00:00,  1.32it/s]
Computing refusal ablation for source position -3: 100%|██████████| 36/36 [00:27<00:00,  1.32it/s]

Computing refusal ablation for source position -2:   0%|          | 0/36 [00:00<?, ?it/s]
Computing refusal ablation for source position -2:   3%|▎         | 1/36 [00:00<00:26,  1.31it/s]
Computing refusal ablation for source position -2:   6%|▌         | 2/36 [00:01<00:25,  1.32it/s]
Computing refusal ablation for source position -2:   8%|▊         | 3/36 [00:02<00:25,  1.32it/s]
Computing refusal ablation for source position -2:  11%|█         | 4/36 [00:03<00:24,  1.32it/s]
Computing refusal ablation for source position -2:  14%|█▍        | 5/36 [00:03<00:23,  1.32it/s]
Computing refusal ablation for source position -2:  17%|█▋        | 6/36 [00:04<00:22,  1.31it/s]
Computing refusal ablation for source position -2:  19%|█▉        | 7/36 [00:05<00:22,  1.32it/s]
Computing refusal ablation for source position -2:  22%|██▏       | 8/36 [00:06<00:21,  1.31it/s]
Computing refusal ablation for source position -2:  25%|██▌       | 9/36 [00:06<00:20,  1.31it/s]
Computing refusal ablation for source position -2:  28%|██▊       | 10/36 [00:07<00:19,  1.31it/s]
Computing refusal ablation for source position -2:  31%|███       | 11/36 [00:08<00:19,  1.31it/s]
Computing refusal ablation for source position -2:  33%|███▎      | 12/36 [00:09<00:18,  1.31it/s]
Computing refusal ablation for source position -2:  36%|███▌      | 13/36 [00:09<00:17,  1.31it/s]
Computing refusal ablation for source position -2:  39%|███▉      | 14/36 [00:10<00:17,  1.25it/s]
Computing refusal ablation for source position -2:  42%|████▏     | 15/36 [00:11<00:16,  1.27it/s]
Computing refusal ablation for source position -2:  44%|████▍     | 16/36 [00:12<00:15,  1.29it/s]
Computing refusal ablation for source position -2:  47%|████▋     | 17/36 [00:13<00:14,  1.30it/s]
Computing refusal ablation for source position -2:  50%|█████     | 18/36 [00:13<00:13,  1.31it/s]
Computing refusal ablation for source position -2:  53%|█████▎    | 19/36 [00:14<00:12,  1.31it/s]
Computing refusal ablation for source position -2:  56%|█████▌    | 20/36 [00:15<00:12,  1.32it/s]
Computing refusal ablation for source position -2:  58%|█████▊    | 21/36 [00:16<00:11,  1.32it/s]
Computing refusal ablation for source position -2:  61%|██████    | 22/36 [00:16<00:10,  1.33it/s]
Computing refusal ablation for source position -2:  64%|██████▍   | 23/36 [00:17<00:09,  1.32it/s]
Computing refusal ablation for source position -2:  67%|██████▋   | 24/36 [00:18<00:09,  1.32it/s]
Computing refusal ablation for source position -2:  69%|██████▉   | 25/36 [00:19<00:08,  1.32it/s]
Computing refusal ablation for source position -2:  72%|███████▏  | 26/36 [00:19<00:07,  1.32it/s]
Computing refusal ablation for source position -2:  75%|███████▌  | 27/36 [00:20<00:06,  1.32it/s]
Computing refusal ablation for source position -2:  78%|███████▊  | 28/36 [00:21<00:06,  1.33it/s]
Computing refusal ablation for source position -2:  81%|████████  | 29/36 [00:22<00:05,  1.32it/s]
Computing refusal ablation for source position -2:  83%|████████▎ | 30/36 [00:22<00:04,  1.33it/s]
Computing refusal ablation for source position -2:  86%|████████▌ | 31/36 [00:23<00:03,  1.32it/s]
Computing refusal ablation for source position -2:  89%|████████▉ | 32/36 [00:24<00:03,  1.32it/s]
Computing refusal ablation for source position -2:  92%|█████████▏| 33/36 [00:25<00:02,  1.32it/s]
Computing refusal ablation for source position -2:  94%|█████████▍| 34/36 [00:25<00:01,  1.33it/s]
Computing refusal ablation for source position -2:  97%|█████████▋| 35/36 [00:26<00:00,  1.33it/s]
Computing refusal ablation for source position -2: 100%|██████████| 36/36 [00:27<00:00,  1.33it/s]
Computing refusal ablation for source position -2: 100%|██████████| 36/36 [00:27<00:00,  1.31it/s]

Computing refusal ablation for source position -1:   0%|          | 0/36 [00:00<?, ?it/s]
Computing refusal ablation for source position -1:   3%|▎         | 1/36 [00:00<00:26,  1.32it/s]
Computing refusal ablation for source position -1:   6%|▌         | 2/36 [00:01<00:25,  1.32it/s]
Computing refusal ablation for source position -1:   8%|▊         | 3/36 [00:02<00:24,  1.33it/s]
Computing refusal ablation for source position -1:  11%|█         | 4/36 [00:03<00:24,  1.32it/s]
Computing refusal ablation for source position -1:  14%|█▍        | 5/36 [00:03<00:23,  1.33it/s]
Computing refusal ablation for source position -1:  17%|█▋        | 6/36 [00:04<00:22,  1.32it/s]
Computing refusal ablation for source position -1:  19%|█▉        | 7/36 [00:05<00:21,  1.32it/s]
Computing refusal ablation for source position -1:  22%|██▏       | 8/36 [00:06<00:21,  1.32it/s]
Computing refusal ablation for source position -1:  25%|██▌       | 9/36 [00:06<00:20,  1.33it/s]
Computing refusal ablation for source position -1:  28%|██▊       | 10/36 [00:07<00:19,  1.32it/s]
Computing refusal ablation for source position -1:  31%|███       | 11/36 [00:08<00:18,  1.33it/s]
Computing refusal ablation for source position -1:  33%|███▎      | 12/36 [00:09<00:18,  1.33it/s]
Computing refusal ablation for source position -1:  36%|███▌      | 13/36 [00:09<00:17,  1.33it/s]
Computing refusal ablation for source position -1:  39%|███▉      | 14/36 [00:10<00:16,  1.33it/s]
Computing refusal ablation for source position -1:  42%|████▏     | 15/36 [00:11<00:15,  1.33it/s]
Computing refusal ablation for source position -1:  44%|████▍     | 16/36 [00:12<00:15,  1.32it/s]
Computing refusal ablation for source position -1:  47%|████▋     | 17/36 [00:12<00:14,  1.32it/s]
Computing refusal ablation for source position -1:  50%|█████     | 18/36 [00:13<00:13,  1.33it/s]
Computing refusal ablation for source position -1:  53%|█████▎    | 19/36 [00:14<00:12,  1.32it/s]
Computing refusal ablation for source position -1:  56%|█████▌    | 20/36 [00:15<00:12,  1.33it/s]
Computing refusal ablation for source position -1:  58%|█████▊    | 21/36 [00:15<00:11,  1.32it/s]
Computing refusal ablation for source position -1:  61%|██████    | 22/36 [00:16<00:10,  1.33it/s]
Computing refusal ablation for source position -1:  64%|██████▍   | 23/36 [00:17<00:09,  1.33it/s]
Computing refusal ablation for source position -1:  67%|██████▋   | 24/36 [00:18<00:09,  1.33it/s]
Computing refusal ablation for source position -1:  69%|██████▉   | 25/36 [00:18<00:08,  1.33it/s]
Computing refusal ablation for source position -1:  72%|███████▏  | 26/36 [00:19<00:07,  1.33it/s]
Computing refusal ablation for source position -1:  75%|███████▌  | 27/36 [00:20<00:06,  1.33it/s]
Computing refusal ablation for source position -1:  78%|███████▊  | 28/36 [00:21<00:06,  1.33it/s]
Computing refusal ablation for source position -1:  81%|████████  | 29/36 [00:21<00:05,  1.33it/s]
Computing refusal ablation for source position -1:  83%|████████▎ | 30/36 [00:22<00:04,  1.33it/s]
Computing refusal ablation for source position -1:  86%|████████▌ | 31/36 [00:23<00:03,  1.32it/s]
Computing refusal ablation for source position -1:  89%|████████▉ | 32/36 [00:24<00:03,  1.33it/s]
Computing refusal ablation for source position -1:  92%|█████████▏| 33/36 [00:24<00:02,  1.32it/s]
Computing refusal ablation for source position -1:  94%|█████████▍| 34/36 [00:25<00:01,  1.32it/s]
Computing refusal ablation for source position -1:  97%|█████████▋| 35/36 [00:26<00:00,  1.32it/s]
Computing refusal ablation for source position -1: 100%|██████████| 36/36 [00:27<00:00,  1.33it/s]
Computing refusal ablation for source position -1: 100%|██████████| 36/36 [00:27<00:00,  1.33it/s]

Computing refusal addition for source position -5:   0%|          | 0/36 [00:00<?, ?it/s]
Computing refusal addition for source position -5:   3%|▎         | 1/36 [00:00<00:20,  1.69it/s]
Computing refusal addition for source position -5:   6%|▌         | 2/36 [00:01<00:19,  1.71it/s]
Computing refusal addition for source position -5:   8%|▊         | 3/36 [00:01<00:19,  1.72it/s]
Computing refusal addition for source position -5:  11%|█         | 4/36 [00:02<00:18,  1.73it/s]
Computing refusal addition for source position -5:  14%|█▍        | 5/36 [00:02<00:17,  1.73it/s]
Computing refusal addition for source position -5:  17%|█▋        | 6/36 [00:03<00:17,  1.73it/s]
Computing refusal addition for source position -5:  19%|█▉        | 7/36 [00:04<00:16,  1.73it/s]
Computing refusal addition for source position -5:  22%|██▏       | 8/36 [00:04<00:16,  1.73it/s]
Computing refusal addition for source position -5:  25%|██▌       | 9/36 [00:05<00:15,  1.74it/s]
Computing refusal addition for source position -5:  28%|██▊       | 10/36 [00:05<00:15,  1.73it/s]
Computing refusal addition for source position -5:  31%|███       | 11/36 [00:06<00:15,  1.61it/s]
Computing refusal addition for source position -5:  33%|███▎      | 12/36 [00:07<00:14,  1.65it/s]
Computing refusal addition for source position -5:  36%|███▌      | 13/36 [00:07<00:13,  1.68it/s]
Computing refusal addition for source position -5:  39%|███▉      | 14/36 [00:08<00:12,  1.70it/s]
Computing refusal addition for source position -5:  42%|████▏     | 15/36 [00:08<00:12,  1.71it/s]
Computing refusal addition for source position -5:  44%|████▍     | 16/36 [00:09<00:11,  1.71it/s]
Computing refusal addition for source position -5:  47%|████▋     | 17/36 [00:09<00:11,  1.72it/s]
Computing refusal addition for source position -5:  50%|█████     | 18/36 [00:10<00:10,  1.72it/s]
Computing refusal addition for source position -5:  53%|█████▎    | 19/36 [00:11<00:09,  1.72it/s]
Computing refusal addition for source position -5:  56%|█████▌    | 20/36 [00:11<00:09,  1.73it/s]
Computing refusal addition for source position -5:  58%|█████▊    | 21/36 [00:12<00:08,  1.73it/s]
Computing refusal addition for source position -5:  61%|██████    | 22/36 [00:12<00:08,  1.74it/s]
Computing refusal addition for source position -5:  64%|██████▍   | 23/36 [00:13<00:07,  1.74it/s]
Computing refusal addition for source position -5:  67%|██████▋   | 24/36 [00:13<00:06,  1.74it/s]
Computing refusal addition for source position -5:  69%|██████▉   | 25/36 [00:14<00:06,  1.74it/s]
Computing refusal addition for source position -5:  72%|███████▏  | 26/36 [00:15<00:05,  1.74it/s]
Computing refusal addition for source position -5:  75%|███████▌  | 27/36 [00:15<00:05,  1.74it/s]
Computing refusal addition for source position -5:  78%|███████▊  | 28/36 [00:16<00:04,  1.74it/s]
Computing refusal addition for source position -5:  81%|████████  | 29/36 [00:16<00:04,  1.73it/s]
Computing refusal addition for source position -5:  83%|████████▎ | 30/36 [00:17<00:03,  1.74it/s]
Computing refusal addition for source position -5:  86%|████████▌ | 31/36 [00:18<00:02,  1.74it/s]
Computing refusal addition for source position -5:  89%|████████▉ | 32/36 [00:18<00:02,  1.73it/s]
Computing refusal addition for source position -5:  92%|█████████▏| 33/36 [00:19<00:01,  1.74it/s]
Computing refusal addition for source position -5:  94%|█████████▍| 34/36 [00:19<00:01,  1.73it/s]
Computing refusal addition for source position -5:  97%|█████████▋| 35/36 [00:20<00:00,  1.74it/s]
Computing refusal addition for source position -5: 100%|██████████| 36/36 [00:20<00:00,  1.74it/s]
Computing refusal addition for source position -5: 100%|██████████| 36/36 [00:20<00:00,  1.72it/s]

Computing refusal addition for source position -4:   0%|          | 0/36 [00:00<?, ?it/s]
Computing refusal addition for source position -4:   3%|▎         | 1/36 [00:00<00:20,  1.74it/s]
Computing refusal addition for source position -4:   6%|▌         | 2/36 [00:01<00:19,  1.74it/s]
Computing refusal addition for source position -4:   8%|▊         | 3/36 [00:01<00:18,  1.74it/s]
Computing refusal addition for source position -4:  11%|█         | 4/36 [00:02<00:18,  1.74it/s]
Computing refusal addition for source position -4:  14%|█▍        | 5/36 [00:02<00:17,  1.74it/s]
Computing refusal addition for source position -4:  17%|█▋        | 6/36 [00:03<00:17,  1.74it/s]
Computing refusal addition for source position -4:  19%|█▉        | 7/36 [00:04<00:16,  1.74it/s]
Computing refusal addition for source position -4:  22%|██▏       | 8/36 [00:04<00:16,  1.74it/s]
Computing refusal addition for source position -4:  25%|██▌       | 9/36 [00:05<00:15,  1.74it/s]
Computing refusal addition for source position -4:  28%|██▊       | 10/36 [00:05<00:14,  1.73it/s]
Computing refusal addition for source position -4:  31%|███       | 11/36 [00:06<00:14,  1.74it/s]
Computing refusal addition for source position -4:  33%|███▎      | 12/36 [00:06<00:13,  1.72it/s]
Computing refusal addition for source position -4:  36%|███▌      | 13/36 [00:07<00:13,  1.73it/s]
Computing refusal addition for source position -4:  39%|███▉      | 14/36 [00:08<00:12,  1.72it/s]
Computing refusal addition for source position -4:  42%|████▏     | 15/36 [00:08<00:12,  1.72it/s]
Computing refusal addition for source position -4:  44%|████▍     | 16/36 [00:09<00:11,  1.73it/s]
Computing refusal addition for source position -4:  47%|████▋     | 17/36 [00:09<00:10,  1.73it/s]
Computing refusal addition for source position -4:  50%|█████     | 18/36 [00:10<00:10,  1.73it/s]
Computing refusal addition for source position -4:  53%|█████▎    | 19/36 [00:10<00:09,  1.73it/s]
Computing refusal addition for source position -4:  56%|█████▌    | 20/36 [00:11<00:09,  1.73it/s]
Computing refusal addition for source position -4:  58%|█████▊    | 21/36 [00:12<00:08,  1.73it/s]
Computing refusal addition for source position -4:  61%|██████    | 22/36 [00:12<00:08,  1.73it/s]
Computing refusal addition for source position -4:  64%|██████▍   | 23/36 [00:13<00:07,  1.74it/s]
Computing refusal addition for source position -4:  67%|██████▋   | 24/36 [00:13<00:06,  1.74it/s]
Computing refusal addition for source position -4:  69%|██████▉   | 25/36 [00:14<00:06,  1.73it/s]
Computing refusal addition for source position -4:  72%|███████▏  | 26/36 [00:15<00:05,  1.73it/s]
Computing refusal addition for source position -4:  75%|███████▌  | 27/36 [00:15<00:05,  1.73it/s]
Computing refusal addition for source position -4:  78%|███████▊  | 28/36 [00:16<00:04,  1.74it/s]
Computing refusal addition for source position -4:  81%|████████  | 29/36 [00:16<00:04,  1.74it/s]
Computing refusal addition for source position -4:  83%|████████▎ | 30/36 [00:17<00:03,  1.74it/s]
Computing refusal addition for source position -4:  86%|████████▌ | 31/36 [00:17<00:02,  1.74it/s]
Computing refusal addition for source position -4:  89%|████████▉ | 32/36 [00:18<00:02,  1.75it/s]
Computing refusal addition for source position -4:  92%|█████████▏| 33/36 [00:19<00:01,  1.70it/s]
Computing refusal addition for source position -4:  94%|█████████▍| 34/36 [00:19<00:01,  1.72it/s]
Computing refusal addition for source position -4:  97%|█████████▋| 35/36 [00:20<00:00,  1.73it/s]
Computing refusal addition for source position -4: 100%|██████████| 36/36 [00:20<00:00,  1.73it/s]
Computing refusal addition for source position -4: 100%|██████████| 36/36 [00:20<00:00,  1.73it/s]

Computing refusal addition for source position -3:   0%|          | 0/36 [00:00<?, ?it/s]
Computing refusal addition for source position -3:   3%|▎         | 1/36 [00:00<00:20,  1.74it/s]
Computing refusal addition for source position -3:   6%|▌         | 2/36 [00:01<00:19,  1.73it/s]
Computing refusal addition for source position -3:   8%|▊         | 3/36 [00:01<00:18,  1.74it/s]
Computing refusal addition for source position -3:  11%|█         | 4/36 [00:02<00:18,  1.74it/s]
Computing refusal addition for source position -3:  14%|█▍        | 5/36 [00:02<00:17,  1.75it/s]
Computing refusal addition for source position -3:  17%|█▋        | 6/36 [00:03<00:17,  1.74it/s]
Computing refusal addition for source position -3:  19%|█▉        | 7/36 [00:04<00:16,  1.74it/s]
Computing refusal addition for source position -3:  22%|██▏       | 8/36 [00:04<00:16,  1.75it/s]
Computing refusal addition for source position -3:  25%|██▌       | 9/36 [00:05<00:15,  1.74it/s]
Computing refusal addition for source position -3:  28%|██▊       | 10/36 [00:05<00:14,  1.74it/s]
Computing refusal addition for source position -3:  31%|███       | 11/36 [00:06<00:14,  1.74it/s]
Computing refusal addition for source position -3:  33%|███▎      | 12/36 [00:06<00:13,  1.74it/s]
Computing refusal addition for source position -3:  36%|███▌      | 13/36 [00:07<00:13,  1.74it/s]
Computing refusal addition for source position -3:  39%|███▉      | 14/36 [00:08<00:12,  1.74it/s]
Computing refusal addition for source position -3:  42%|████▏     | 15/36 [00:08<00:12,  1.74it/s]
Computing refusal addition for source position -3:  44%|████▍     | 16/36 [00:09<00:11,  1.74it/s]
Computing refusal addition for source position -3:  47%|████▋     | 17/36 [00:09<00:10,  1.74it/s]
Computing refusal addition for source position -3:  50%|█████     | 18/36 [00:10<00:10,  1.75it/s]
Computing refusal addition for source position -3:  53%|█████▎    | 19/36 [00:10<00:09,  1.75it/s]
Computing refusal addition for source position -3:  56%|█████▌    | 20/36 [00:11<00:09,  1.75it/s]
Computing refusal addition for source position -3:  58%|█████▊    | 21/36 [00:12<00:08,  1.75it/s]
Computing refusal addition for source position -3:  61%|██████    | 22/36 [00:12<00:08,  1.74it/s]
Computing refusal addition for source position -3:  64%|██████▍   | 23/36 [00:13<00:07,  1.74it/s]
Computing refusal addition for source position -3:  67%|██████▋   | 24/36 [00:13<00:06,  1.73it/s]
Computing refusal addition for source position -3:  69%|██████▉   | 25/36 [00:14<00:06,  1.73it/s]
Computing refusal addition for source position -3:  72%|███████▏  | 26/36 [00:14<00:05,  1.74it/s]
Computing refusal addition for source position -3:  75%|███████▌  | 27/36 [00:15<00:05,  1.73it/s]
Computing refusal addition for source position -3:  78%|███████▊  | 28/36 [00:16<00:04,  1.73it/s]
Computing refusal addition for source position -3:  81%|████████  | 29/36 [00:16<00:04,  1.74it/s]
Computing refusal addition for source position -3:  83%|████████▎ | 30/36 [00:17<00:03,  1.74it/s]
Computing refusal addition for source position -3:  86%|████████▌ | 31/36 [00:17<00:02,  1.74it/s]
Computing refusal addition for source position -3:  89%|████████▉ | 32/36 [00:18<00:02,  1.74it/s]
Computing refusal addition for source position -3:  92%|█████████▏| 33/36 [00:18<00:01,  1.74it/s]
Computing refusal addition for source position -3:  94%|█████████▍| 34/36 [00:19<00:01,  1.74it/s]
Computing refusal addition for source position -3:  97%|█████████▋| 35/36 [00:20<00:00,  1.74it/s]
Computing refusal addition for source position -3: 100%|██████████| 36/36 [00:20<00:00,  1.74it/s]
Computing refusal addition for source position -3: 100%|██████████| 36/36 [00:20<00:00,  1.74it/s]

Computing refusal addition for source position -2:   0%|          | 0/36 [00:00<?, ?it/s]
Computing refusal addition for source position -2:   3%|▎         | 1/36 [00:00<00:20,  1.72it/s]
Computing refusal addition for source position -2:   6%|▌         | 2/36 [00:01<00:19,  1.72it/s]
Computing refusal addition for source position -2:   8%|▊         | 3/36 [00:01<00:19,  1.73it/s]
Computing refusal addition for source position -2:  11%|█         | 4/36 [00:02<00:18,  1.74it/s]
Computing refusal addition for source position -2:  14%|█▍        | 5/36 [00:02<00:17,  1.74it/s]
Computing refusal addition for source position -2:  17%|█▋        | 6/36 [00:03<00:17,  1.74it/s]
Computing refusal addition for source position -2:  19%|█▉        | 7/36 [00:04<00:16,  1.74it/s]
Computing refusal addition for source position -2:  22%|██▏       | 8/36 [00:04<00:16,  1.74it/s]
Computing refusal addition for source position -2:  25%|██▌       | 9/36 [00:05<00:15,  1.74it/s]
Computing refusal addition for source position -2:  28%|██▊       | 10/36 [00:05<00:14,  1.74it/s]
Computing refusal addition for source position -2:  31%|███       | 11/36 [00:06<00:14,  1.74it/s]
Computing refusal addition for source position -2:  33%|███▎      | 12/36 [00:06<00:13,  1.74it/s]
Computing refusal addition for source position -2:  36%|███▌      | 13/36 [00:07<00:13,  1.74it/s]
Computing refusal addition for source position -2:  39%|███▉      | 14/36 [00:08<00:12,  1.74it/s]
Computing refusal addition for source position -2:  42%|████▏     | 15/36 [00:08<00:12,  1.74it/s]
Computing refusal addition for source position -2:  44%|████▍     | 16/36 [00:09<00:11,  1.74it/s]
Computing refusal addition for source position -2:  47%|████▋     | 17/36 [00:09<00:10,  1.74it/s]
Computing refusal addition for source position -2:  50%|█████     | 18/36 [00:10<00:10,  1.74it/s]
Computing refusal addition for source position -2:  53%|█████▎    | 19/36 [00:10<00:09,  1.74it/s]
Computing refusal addition for source position -2:  56%|█████▌    | 20/36 [00:11<00:09,  1.74it/s]
Computing refusal addition for source position -2:  58%|█████▊    | 21/36 [00:12<00:08,  1.74it/s]
Computing refusal addition for source position -2:  61%|██████    | 22/36 [00:12<00:08,  1.74it/s]
Computing refusal addition for source position -2:  64%|██████▍   | 23/36 [00:13<00:07,  1.73it/s]
Computing refusal addition for source position -2:  67%|██████▋   | 24/36 [00:13<00:06,  1.73it/s]
Computing refusal addition for source position -2:  69%|██████▉   | 25/36 [00:14<00:06,  1.73it/s]
Computing refusal addition for source position -2:  72%|███████▏  | 26/36 [00:14<00:05,  1.73it/s]
Computing refusal addition for source position -2:  75%|███████▌  | 27/36 [00:15<00:05,  1.73it/s]
Computing refusal addition for source position -2:  78%|███████▊  | 28/36 [00:16<00:04,  1.73it/s]
Computing refusal addition for source position -2:  81%|████████  | 29/36 [00:16<00:04,  1.72it/s]
Computing refusal addition for source position -2:  83%|████████▎ | 30/36 [00:17<00:03,  1.73it/s]
Computing refusal addition for source position -2:  86%|████████▌ | 31/36 [00:17<00:02,  1.73it/s]
Computing refusal addition for source position -2:  89%|████████▉ | 32/36 [00:18<00:02,  1.73it/s]
Computing refusal addition for source position -2:  92%|█████████▏| 33/36 [00:19<00:01,  1.73it/s]
Computing refusal addition for source position -2:  94%|█████████▍| 34/36 [00:19<00:01,  1.74it/s]
Computing refusal addition for source position -2:  97%|█████████▋| 35/36 [00:20<00:00,  1.74it/s]
Computing refusal addition for source position -2: 100%|██████████| 36/36 [00:20<00:00,  1.74it/s]
Computing refusal addition for source position -2: 100%|██████████| 36/36 [00:20<00:00,  1.74it/s]

Computing refusal addition for source position -1:   0%|          | 0/36 [00:00<?, ?it/s]
Computing refusal addition for source position -1:   3%|▎         | 1/36 [00:00<00:20,  1.73it/s]
Computing refusal addition for source position -1:   6%|▌         | 2/36 [00:01<00:19,  1.73it/s]
Computing refusal addition for source position -1:   8%|▊         | 3/36 [00:01<00:19,  1.72it/s]
Computing refusal addition for source position -1:  11%|█         | 4/36 [00:02<00:18,  1.74it/s]
Computing refusal addition for source position -1:  14%|█▍        | 5/36 [00:02<00:17,  1.74it/s]
Computing refusal addition for source position -1:  17%|█▋        | 6/36 [00:03<00:17,  1.74it/s]
Computing refusal addition for source position -1:  19%|█▉        | 7/36 [00:04<00:16,  1.75it/s]
Computing refusal addition for source position -1:  22%|██▏       | 8/36 [00:04<00:15,  1.75it/s]
Computing refusal addition for source position -1:  25%|██▌       | 9/36 [00:05<00:15,  1.74it/s]
Computing refusal addition for source position -1:  28%|██▊       | 10/36 [00:05<00:14,  1.74it/s]
Computing refusal addition for source position -1:  31%|███       | 11/36 [00:06<00:14,  1.74it/s]
Computing refusal addition for source position -1:  33%|███▎      | 12/36 [00:06<00:13,  1.73it/s]
Computing refusal addition for source position -1:  36%|███▌      | 13/36 [00:07<00:13,  1.73it/s]
Computing refusal addition for source position -1:  39%|███▉      | 14/36 [00:08<00:12,  1.74it/s]
Computing refusal addition for source position -1:  42%|████▏     | 15/36 [00:08<00:12,  1.73it/s]
Computing refusal addition for source position -1:  44%|████▍     | 16/36 [00:09<00:11,  1.73it/s]
Computing refusal addition for source position -1:  47%|████▋     | 17/36 [00:09<00:10,  1.74it/s]
Computing refusal addition for source position -1:  50%|█████     | 18/36 [00:10<00:10,  1.74it/s]
Computing refusal addition for source position -1:  53%|█████▎    | 19/36 [00:10<00:09,  1.74it/s]
Computing refusal addition for source position -1:  56%|█████▌    | 20/36 [00:11<00:09,  1.73it/s]
Computing refusal addition for source position -1:  58%|█████▊    | 21/36 [00:12<00:08,  1.73it/s]
Computing refusal addition for source position -1:  61%|██████    | 22/36 [00:12<00:08,  1.73it/s]
Computing refusal addition for source position -1:  64%|██████▍   | 23/36 [00:13<00:07,  1.71it/s]
Computing refusal addition for source position -1:  67%|██████▋   | 24/36 [00:13<00:06,  1.72it/s]
Computing refusal addition for source position -1:  69%|██████▉   | 25/36 [00:14<00:06,  1.72it/s]
Computing refusal addition for source position -1:  72%|███████▏  | 26/36 [00:15<00:05,  1.73it/s]
Computing refusal addition for source position -1:  75%|███████▌  | 27/36 [00:15<00:05,  1.72it/s]
Computing refusal addition for source position -1:  78%|███████▊  | 28/36 [00:16<00:04,  1.73it/s]
Computing refusal addition for source position -1:  81%|████████  | 29/36 [00:16<00:04,  1.72it/s]
Computing refusal addition for source position -1:  83%|████████▎ | 30/36 [00:17<00:03,  1.72it/s]
Computing refusal addition for source position -1:  86%|████████▌ | 31/36 [00:17<00:02,  1.72it/s]
Computing refusal addition for source position -1:  89%|████████▉ | 32/36 [00:18<00:02,  1.73it/s]
Computing refusal addition for source position -1:  92%|█████████▏| 33/36 [00:19<00:01,  1.72it/s]
Computing refusal addition for source position -1:  94%|█████████▍| 34/36 [00:19<00:01,  1.73it/s]
Computing refusal addition for source position -1:  97%|█████████▋| 35/36 [00:20<00:00,  1.73it/s]
Computing refusal addition for source position -1: 100%|██████████| 36/36 [00:20<00:00,  1.63it/s]
Computing refusal addition for source position -1: 100%|██████████| 36/36 [00:20<00:00,  1.72it/s]

=== PCD Layer Sweep: model=qwen3vl_8b  condition=V-text ===
  output_dir : results/ara_opd_vlm_0427/cross_modal_geometry_diag/qwen3vl/V-text/sweep
  data_dir   : /inspire/hdd/global_user/wenming-253108090054/zhujiaqi/geometry-of-refusal/data/saladbench_splits
  Train: 1184 harmful / 1184 harmless
  Val  : 128 harmful / 3132 harmless (select_direction uses first 128/128)
[1/3] Loading model...
  Layers     : 36
  hidden_size: 4096
  EOI toks   : [151645, 198, 151644, 77091, 198]
  Overriding tokenize_instructions_fn with image_mode='text'
[2/3] Generating mean_diffs (generate_directions) on train set ...
  mean_diffs shape: torch.Size([5, 36, 4096])
[3/3] Selecting best (pos, layer) via select_direction on val set ...
  WARNING: select_direction filter assertion: All scores have been filtered out!
  Falling back: loading direction_evaluations.json for best unfiltered score.
  Fallback selected: pos=-3, layer=12
  Selected: pos=-3, layer=12, filter_passed=False
  Saved best_layer.json: {'layer': 12, 'pos': -3, 'filter_passed': False, 'condition': 'V-text'}
=== Layer Sweep Complete ===

