[run_phase1p5_audit] model=gemma3 gpu=0 signal=harmfulness conditions=('V-text', 'V-blank', 'V-noise', 'V-real', 'FigStep') layers=34
[run_phase1p5_audit] loading model from /inspire/hdd/global_user/wenming-253108090054/models/gemma-3-4b-it ...
Using a slow image processor as `use_fast` is unset and a slow processor was saved with this model. `use_fast=True` will be the default behavior in v4.52, even if the model was saved with a slow processor. This will result in minor differences in outputs. You'll still be able to use a slow processor with `use_fast=False`.
Loading checkpoint shards:   0%|          | 0/2 [00:00<?, ?it/s]Loading checkpoint shards: 100%|##########| 2/2 [00:00<00:00, 35.51it/s]
[run_phase1p5_audit] model loaded, num_llm_layers=34
[run_phase1p5_audit] loading datasets ...
[run_phase1p5_audit] loaded 678 samples
[run_phase1p5_audit] extracting hidden states (full dataset) ...
[extraction] 1/678  vc=V-text  label=harmful
[extraction] 34/678  vc=V-text  label=harmful
[extraction] 67/678  vc=V-text  label=harmless
[extraction] 100/678  vc=V-text  label=harmless
[extraction] 133/678  vc=V-blank  label=harmful
[extraction] 166/678  vc=V-blank  label=harmful
[extraction] 199/678  vc=V-blank  label=harmless
[extraction] 232/678  vc=V-blank  label=harmless
[extraction] 265/678  vc=V-noise  label=harmful
[extraction] 298/678  vc=V-noise  label=harmful
[extraction] 331/678  vc=V-noise  label=harmless
[extraction] 364/678  vc=V-noise  label=harmless
[extraction] 397/678  vc=V-real  label=harmful
[extraction] 430/678  vc=V-real  label=harmful
[extraction] 463/678  vc=V-real  label=harmless
[extraction] 496/678  vc=V-real  label=harmless
[extraction] 529/678  vc=FigStep  label=harmful
[extraction] 562/678  vc=FigStep  label=harmful
[extraction] 595/678  vc=FigStep  label=harmful
[extraction] 628/678  vc=FigStep  label=harmless
[extraction] 661/678  vc=FigStep  label=harmless
[extraction] 678/678  vc=FigStep  label=harmless
[extraction] done — 678 samples processed
[run_phase1p5_audit] best locus: layer=29 pos=-1 auc=0.9995
[run_phase1p5_audit] running identity diagnosis (detect condition cache mixing) ...
[identity]   FigStep      harmful SHA1=c9ed3c32e830 shape=(102, 2560)
[identity]   V-blank      harmful SHA1=39f562a1cc29 shape=(64, 2560)
[identity]   V-noise      harmful SHA1=e829a3ce8b24 shape=(64, 2560)
[identity]   V-real       harmful SHA1=5354b6bb05ba shape=(64, 2560)
[identity]   V-text       harmful SHA1=3fcc1eb0611a shape=(64, 2560)
[run_phase1p5_audit] running nested permutation test on V-text ...
[run_phase1p5_audit] permutation stats: mean=0.4978 std=0.1958 p95=0.7873 n=100
[run_phase1p5_audit] computing held-out split AUC (V-text) ...
[extraction] 1/102  vc=V-text  label=harmful
[extraction] 6/102  vc=V-text  label=harmful
[extraction] 11/102  vc=V-text  label=harmful
[extraction] 16/102  vc=V-text  label=harmful
[extraction] 21/102  vc=V-text  label=harmful
[extraction] 26/102  vc=V-text  label=harmful
[extraction] 31/102  vc=V-text  label=harmful
[extraction] 36/102  vc=V-text  label=harmful
[extraction] 41/102  vc=V-text  label=harmful
[extraction] 46/102  vc=V-text  label=harmful
[extraction] 51/102  vc=V-text  label=harmful
[extraction] 56/102  vc=V-text  label=harmless
[extraction] 61/102  vc=V-text  label=harmless
[extraction] 66/102  vc=V-text  label=harmless
[extraction] 71/102  vc=V-text  label=harmless
[extraction] 76/102  vc=V-text  label=harmless
[extraction] 81/102  vc=V-text  label=harmless
[extraction] 86/102  vc=V-text  label=harmless
[extraction] 91/102  vc=V-text  label=harmless
[extraction] 96/102  vc=V-text  label=harmless
[extraction] 101/102  vc=V-text  label=harmless
[extraction] 102/102  vc=V-text  label=harmless
[extraction] done — 102 samples processed
[extraction] 1/26  vc=V-text  label=harmful
[extraction] 2/26  vc=V-text  label=harmful
[extraction] 3/26  vc=V-text  label=harmful
[extraction] 4/26  vc=V-text  label=harmful
[extraction] 5/26  vc=V-text  label=harmful
[extraction] 6/26  vc=V-text  label=harmful
[extraction] 7/26  vc=V-text  label=harmful
[extraction] 8/26  vc=V-text  label=harmful
[extraction] 9/26  vc=V-text  label=harmful
[extraction] 10/26  vc=V-text  label=harmful
[extraction] 11/26  vc=V-text  label=harmful
[extraction] 12/26  vc=V-text  label=harmful
[extraction] 13/26  vc=V-text  label=harmful
[extraction] 14/26  vc=V-text  label=harmless
[extraction] 15/26  vc=V-text  label=harmless
[extraction] 16/26  vc=V-text  label=harmless
[extraction] 17/26  vc=V-text  label=harmless
[extraction] 18/26  vc=V-text  label=harmless
[extraction] 19/26  vc=V-text  label=harmless
[extraction] 20/26  vc=V-text  label=harmless
[extraction] 21/26  vc=V-text  label=harmless
[extraction] 22/26  vc=V-text  label=harmless
[extraction] 23/26  vc=V-text  label=harmless
[extraction] 24/26  vc=V-text  label=harmless
[extraction] 25/26  vc=V-text  label=harmless
[extraction] 26/26  vc=V-text  label=harmless
[extraction] done — 26 samples processed
[run_phase1p5_audit] held-out AUC: 0.9172
[run_phase1p5_audit] no paired IDs found — group split AUC skipped
[run_phase1p5_audit] computing cross-category AUCs for 20 categories ...
[run_phase1p5_audit]   category=Disinformation and deception cross-cat AUC=N/A (single-class test set)
[run_phase1p5_audit]   category=Economic harm cross-cat AUC=N/A (single-class test set)
[run_phase1p5_audit]   category=Expert advice cross-cat AUC=N/A (single-class test set)
[run_phase1p5_audit]   category=Fraud/Deception cross-cat AUC=N/A (single-class test set)
[run_phase1p5_audit]   category=Government decision-making cross-cat AUC=N/A (single-class test set)
[run_phase1p5_audit]   category=Harassment/Discrimination cross-cat AUC=N/A (single-class test set)
[run_phase1p5_audit]   category=Hate, harassment and discrimination cross-cat AUC=N/A (single-class test set)
[run_phase1p5_audit]   category=Illegal goods and services cross-cat AUC=N/A (single-class test set)
[run_phase1p5_audit]   category=Non-violent crimes cross-cat AUC=N/A (single-class test set)
[run_phase1p5_audit]   category=Physical harm cross-cat AUC=N/A (single-class test set)
[run_phase1p5_audit]   category=Privacy cross-cat AUC=N/A (single-class test set)
[run_phase1p5_audit]   category=Sexual content cross-cat AUC=N/A (single-class test set)
[run_phase1p5_audit]   category=Violence cross-cat AUC=N/A (single-class test set)
[run_phase1p5_audit]   category=chemical_biological cross-cat AUC=N/A (single-class test set)
[run_phase1p5_audit]   category=cybercrime_intrusion cross-cat AUC=N/A (single-class test set)
[run_phase1p5_audit]   category=general cross-cat AUC=N/A (single-class test set)
[run_phase1p5_audit]   category=harassment_bullying cross-cat AUC=N/A (single-class test set)
[run_phase1p5_audit]   category=harmful cross-cat AUC=N/A (single-class test set)
[run_phase1p5_audit]   category=illegal cross-cat AUC=N/A (single-class test set)
[run_phase1p5_audit]   category=misinformation_disinformation cross-cat AUC=N/A (single-class test set)
[run_phase1p5_audit] held-out AUC for V-text ...
[held_out]     train harmful=51 harmless=51 | test harmful=13 harmless=13
[run_phase1p5_audit]   V-text held-out AUC = 0.9704
[run_phase1p5_audit] train-only locus selection held-out AUC for V-text ...
[run_phase1p5_audit]   V-text train-selected held-out AUC = 0.9882 locus=(27,-1)
[run_phase1p5_audit] held-out AUC for V-blank ...
[held_out]     train harmful=51 harmless=51 | test harmful=13 harmless=13
[run_phase1p5_audit]   V-blank held-out AUC = 0.8935
[run_phase1p5_audit] train-only locus selection held-out AUC for V-blank ...
[run_phase1p5_audit]   V-blank train-selected held-out AUC = 1.0000 locus=(24,-1)
[run_phase1p5_audit] held-out AUC for V-noise ...
[held_out]     train harmful=51 harmless=51 | test harmful=13 harmless=13
[run_phase1p5_audit]   V-noise held-out AUC = 0.9112
[run_phase1p5_audit] train-only locus selection held-out AUC for V-noise ...
[run_phase1p5_audit]   V-noise train-selected held-out AUC = 0.9941 locus=(24,-1)
[run_phase1p5_audit] held-out AUC for V-real ...
[held_out]     train harmful=51 harmless=51 | test harmful=13 harmless=13
[run_phase1p5_audit]   V-real held-out AUC = 0.9527
[run_phase1p5_audit] train-only locus selection held-out AUC for V-real ...
[run_phase1p5_audit]   V-real train-selected held-out AUC = 1.0000 locus=(31,-1)
[run_phase1p5_audit] held-out AUC for FigStep ...
[held_out]     train harmful=82 harmless=51 | test harmful=20 harmless=13
[run_phase1p5_audit]   FigStep held-out AUC = 0.8000
[run_phase1p5_audit] train-only locus selection held-out AUC for FigStep ...
[run_phase1p5_audit]   FigStep train-selected held-out AUC = 0.9808 locus=(30,-3)
[run_phase1p5_audit] report saved to results/mibd/phase1_probe/gemma3_4b/phase1p5_report.md
