[run_phase1p5_audit] model=internvl3 gpu=0 signal=harmfulness conditions=('V-text', 'V-blank', 'V-noise', 'V-real', 'FigStep') layers=28
[run_phase1p5_audit] loading model from /inspire/hdd/global_user/wenming-253108090054/models/InternVL3-8B ...
FlashAttention2 is not installed.
Loading checkpoint shards:   0%|          | 0/4 [00:00<?, ?it/s]Loading checkpoint shards:  25%|##5       | 1/4 [00:00<00:00,  8.56it/s]Loading checkpoint shards:  75%|#######5  | 3/4 [00:00<00:00, 11.77it/s]Loading checkpoint shards: 100%|##########| 4/4 [00:00<00:00, 11.83it/s]
Traceback (most recent call last):
  File "/opt/conda/envs/rdo/lib/python3.10/runpy.py", line 196, in _run_module_as_main
    return _run_code(code, main_globals, None,
  File "/opt/conda/envs/rdo/lib/python3.10/runpy.py", line 86, in _run_code
    exec(code, run_globals)
  File "/inspire/hdd/global_user/wenming-253108090054/zhujiaqi/geometry-of-refusal/experiments/mibd/run_phase1p5_audit.py", line 572, in <module>
    main()
  File "/inspire/hdd/global_user/wenming-253108090054/zhujiaqi/geometry-of-refusal/experiments/mibd/run_phase1p5_audit.py", line 282, in main
    model, tokenizer = load_internvl3(cfg.model_id, device=device)
  File "/inspire/hdd/global_user/wenming-253108090054/zhujiaqi/geometry-of-refusal/experiments/mibd/models/loader.py", line 36, in load_internvl3
    ).to(device)
  File "/opt/conda/envs/rdo/lib/python3.10/site-packages/transformers/modeling_utils.py", line 3164, in to
    return super().to(*args, **kwargs)
  File "/opt/conda/envs/rdo/lib/python3.10/site-packages/torch/nn/modules/module.py", line 1340, in to
    return self._apply(convert)
  File "/opt/conda/envs/rdo/lib/python3.10/site-packages/torch/nn/modules/module.py", line 900, in _apply
    module._apply(fn)
  File "/opt/conda/envs/rdo/lib/python3.10/site-packages/torch/nn/modules/module.py", line 900, in _apply
    module._apply(fn)
  File "/opt/conda/envs/rdo/lib/python3.10/site-packages/torch/nn/modules/module.py", line 900, in _apply
    module._apply(fn)
  [Previous line repeated 3 more times]
  File "/opt/conda/envs/rdo/lib/python3.10/site-packages/torch/nn/modules/module.py", line 927, in _apply
    param_applied = fn(param)
  File "/opt/conda/envs/rdo/lib/python3.10/site-packages/torch/nn/modules/module.py", line 1326, in convert
    return t.to(
KeyboardInterrupt
